warning: unused import: `super::SCHED_STATE`
 --> src/sched/waker.rs:8:5
  |
8 | use super::SCHED_STATE;
  |     ^^^^^^^^^^^^^^^^^^
  |
  = note: `#[warn(unused_imports)]` (part of `#[warn(unused)]`) on by default

warning: method `log_stats` is never used
  --> src/sched/stats.rs:32:12
   |
14 | impl SchedulerStats {
   | ------------------- method in this implementation
...
32 |     pub fn log_stats(&self, policy: &str, quantum_ms: Option<u128>) {
   |            ^^^^^^^^^
   |
   = note: `#[warn(dead_code)]` (part of `#[warn(unused)]`) on by default

warning: feature `core_intrinsics` is declared but not used
 --> src/main.rs:7:12
  |
7 | #![feature(core_intrinsics)]
  |            ^^^^^^^^^^^^^^^
  |
  = note: `#[warn(unused_features)]` (part of `#[warn(unused)]`) on by default

warning: `moss` (bin "moss") generated 3 warnings (run `cargo fix --bin "moss" -p moss` to apply 1 suggestion)
    Finished `release` profile [optimized] target(s) in 0.17s
warning: the following packages contain code that will be rejected by a future version of Rust: memchr v2.8.0
note: to see what the problems were, use the option `--future-incompat-report`, or run `cargo report future-incompatibilities --id 1`
     Running `/Users/ratchanonkhongsawi/Desktop/CMKL/3rd/S2/OS/assessment/02/moss-kernel-rk/scripts/qemu_runner.py target/aarch64-unknown-none-softfloat/release/moss --init /bin/ash`
[    0.000000] arch::arm64::boot::memory: Adding memory region from FDT Px40000000 (0x80000000 bytes)
[    0.000000] arch::arm64::boot::memory: Reserving kernel text Px40080000 - Px411a0000
[    0.000000] arch::arm64::boot::memory: Reserving FDT Px68000000 (0x100000 bytes)
[    0.000000] arch::arm64::boot::memory: Reserving initrd 0x48000000 - 0x68000000
[    0.000000] libkernel::memory::allocators::phys: Buddy allocator initialized. Managing 524288 pages, 379904 free.
[    0.000000] drivers::fs::dev: devfs initialized
[    0.000000] drivers::interrupts::arm_gic_v3: ARM GICv3 found: dist @ <0x8000000, 0x10000>, rdist @ <0x80a0000, 0xf60000> (stride=0x20000)
[    0.000000] drivers::interrupts::arm_gic_v3: GICv3: Redistributor for core 0 (MPIDR=0x80000000) is awake.
[    0.000000] drivers::interrupts::arm_gic_v3: GICv3: CPU interface for core 0 enabled.
[    0.000000] interrupts: Setting device intc@8000000 as the interrupt root
[    0.000000] interrupts: Device timer claimed interrupt: Ppi(14)
[    0.001906] interrupts: Device pl011@9000000 claimed interrupt: Spi(1)
[    0.004800] libkernel::sync::per_cpu: Setup 20 per_cpu objects.
[    0.006044] interrupts: Device CPU Messenger claimed interrupt: Ipi(0)
[    0.006298] arch::arm64::proc::vdso: VDSO mapped to: 0xffff810000000000 (0x1000 bytes)
[    0.020600] drivers::fs::proc: procfs initialized
[    0.021098] drivers::fs::sys: sysfs initialized
[    0.028530] drivers::interrupts::arm_gic_v3: GICv3: Redistributor for core 1 (MPIDR=0x80000001) is awake.
[    0.028724] drivers::interrupts::arm_gic_v3: GICv3: CPU interface for core 1 enabled.
[    0.028998] arch::arm64::boot::secondary: CPU 1 online.
[    0.029330] drivers::interrupts::arm_gic_v3: GICv3: Redistributor for core 2 (MPIDR=0x80000002) is awake.
[    0.029618] drivers::interrupts::arm_gic_v3: GICv3: CPU interface for core 2 enabled.
[    0.029798] arch::arm64::boot::secondary: CPU 2 online.
[    0.030168] drivers::interrupts::arm_gic_v3: GICv3: Redistributor for core 3 (MPIDR=0x80000003) is awake.
[    0.030406] drivers::interrupts::arm_gic_v3: GICv3: CPU interface for core 3 enabled.
[    0.030614] arch::arm64::boot::secondary: CPU 3 online.
[    0.030906] arch::arm64::boot: ===============================
[    0.031080] arch::arm64::boot: Student ID: 01323032 | Git Hash: 6ed9c91
[    0.031236] arch::arm64::boot: ===============================
/ # [6nexit
[    2.2495320] moss: Kernel panicked at src/process/exit.rs:19:9: Attempted to kill init
