   Compiling moss v0.1.0 (/Users/ratchanonkhongsawi/Desktop/CMKL/3rd/S2/OS/assessment/02/moss-kernel-rk)
warning: unused import: `super::SCHED_STATE`
 --> src/sched/waker.rs:8:5
  |
8 | use super::SCHED_STATE;
  |     ^^^^^^^^^^^^^^^^^^
  |
  = note: `#[warn(unused_imports)]` (part of `#[warn(unused)]`) on by default

warning: unused import: `now`
 --> src/sched/stats.rs:1:38
  |
1 | use crate::drivers::timer::{Instant, now};
  |                                      ^^^

warning: constant `DEFAULT_TIME_SLICE` is never used
  --> src/sched/mod.rs:81:7
   |
81 | const DEFAULT_TIME_SLICE: Duration = Duration::from_millis(4);
   |       ^^^^^^^^^^^^^^^^^^
   |
   = note: `#[warn(dead_code)]` (part of `#[warn(unused)]`) on by default

warning: constant `VT_FIXED_SHIFT` is never used
  --> src/sched/mod.rs:86:11
   |
86 | pub const VT_FIXED_SHIFT: u32 = 63;
   |           ^^^^^^^^^^^^^^

warning: constant `VT_ONE` is never used
  --> src/sched/mod.rs:87:11
   |
87 | pub const VT_ONE: u128 = 1u128 << VT_FIXED_SHIFT;
   |           ^^^^^^

warning: constant `VCLOCK_EPSILON` is never used
  --> src/sched/mod.rs:90:11
   |
90 | pub const VCLOCK_EPSILON: u128 = VT_ONE;
   |           ^^^^^^^^^^^^^^

warning: constant `SCHED_WEIGHT_BASE` is never used
  --> src/sched/mod.rs:95:11
   |
95 | pub const SCHED_WEIGHT_BASE: i32 = 1024;
   |           ^^^^^^^^^^^^^^^^^

warning: constant `WEIGHT_SHIFT` is never used
   --> src/sched/mod.rs:155:7
    |
155 | const WEIGHT_SHIFT: u32 = 16;
    |       ^^^^^^^^^^^^

warning: constant `WAITING_SHIFT` is never used
   --> src/sched/mod.rs:156:7
    |
156 | const WAITING_SHIFT: u32 = WEIGHT_SHIFT + 24;
    |       ^^^^^^^^^^^^^

warning: fields `run_q`, `wait_q`, `vclock`, `last_update`, and `force_resched` are never read
   --> src/sched/mod.rs:208:5
    |
207 | pub struct SchedState {
    |            ---------- fields in this struct
208 |     run_q: RunQueue,
    |     ^^^^^
209 |     wait_q: BTreeMap<TaskDescriptor, Box<SchedulableTask>>,
    |     ^^^^^^
...
212 |     vclock: u128,
    |     ^^^^^^
213 |     /// Real-time moment when `vclock` was last updated.
214 |     last_update: Option<Instant>,
    |     ^^^^^^^^^^^
215 |     /// Force a reschedule.
216 |     force_resched: bool,
    |     ^^^^^^^^^^^^^

warning: methods `update_global_least_tasked_cpu_info`, `advance_vclock`, `insert_into_runq`, `wakeup`, and `do_schedule` are never used
   --> src/sched/mod.rs:234:8
    |
221 | impl SchedState {
    | --------------- methods in this implementation
...
234 |     fn update_global_least_tasked_cpu_info(&self) {
    |        ^^^^^^^^^^^^^^^^^^^^^^^^^^^^^^^^^^^
...
293 |     fn advance_vclock(&mut self, now_inst: Instant) {
    |        ^^^^^^^^^^^^^^
...
305 |     fn insert_into_runq(&mut self, mut new_task: Box<SchedulableTask>) {
    |        ^^^^^^^^^^^^^^^^
...
327 |     pub fn wakeup(&mut self, desc: TaskDescriptor) {
    |            ^^^^^^
...
339 |     pub fn do_schedule(&mut self) {
    |            ^^^^^^^^^^^

warning: enum `SwitchResult` is never used
  --> src/sched/runqueue.rs:13:10
   |
13 | pub enum SwitchResult {
   |          ^^^^^^^^^^^^

warning: fields `total_weight`, `queue`, and `running_task` are never read
  --> src/sched/runqueue.rs:30:5
   |
29 | pub struct RunQueue {
   |            -------- fields in this struct
30 |     total_weight: u64,
   |     ^^^^^^^^^^^^
31 |     pub(super) queue: BTreeMap<TaskDescriptor, Box<SchedulableTask>>,
   |                ^^^^^
32 |     pub(super) running_task: Option<Box<SchedulableTask>>,
   |                ^^^^^^^^^^^^

warning: multiple methods are never used
   --> src/sched/runqueue.rs:44:12
    |
 35 | impl RunQueue {
    | ------------- methods in this implementation
...
 44 |     pub fn switch_tasks(&mut self, next_task: TaskDescriptor, now_inst: Instant) -> SwitchResult {
    |            ^^^^^^^^^^^^
...
 87 |     pub fn weight(&self) -> u64 {
    |            ^^^^^^
...
 92 |     pub fn current(&self) -> Option<&Box<SchedulableTask>> {
    |            ^^^^^^^
...
 96 |     pub fn current_mut(&mut self) -> Option<&mut Box<SchedulableTask>> {
    |            ^^^^^^^^^^^
...
100 |     fn fallback_current_or_idle(&self) -> TaskDescriptor {
    |        ^^^^^^^^^^^^^^^^^^^^^^^^
...
113 |     pub fn find_next_runnable_desc(&self, vclock: u128) -> TaskDescriptor {
    |            ^^^^^^^^^^^^^^^^^^^^^^^
...
157 |     pub fn enqueue_task(&mut self, new_task: Box<SchedulableTask>) {
    |            ^^^^^^^^^^^^

warning: fields `v_runtime`, `v_eligible`, `v_deadline`, `exec_start`, `deadline`, and `last_run` are never read
  --> src/sched/sched_task.rs:18:9
   |
16 | pub struct SchedulableTask {
   |            --------------- fields in this struct
17 |     pub task: Box<OwnedTask>,
18 |     pub v_runtime: u128,
   |         ^^^^^^^^^
19 |     /// Virtual time at which the task becomes eligible (v_ei).
20 |     pub v_eligible: u128,
   |         ^^^^^^^^^^
21 |     /// Virtual deadline (v_di) used by the EEVDF scheduler.
22 |     pub v_deadline: u128,
   |         ^^^^^^^^^^
23 |     pub exec_start: Option<Instant>,
   |         ^^^^^^^^^^
24 |     pub deadline: Option<Instant>,
   |         ^^^^^^^^
25 |     pub last_run: Option<Instant>,
   |         ^^^^^^^^

warning: multiple associated items are never used
   --> src/sched/sched_task.rs:43:12
    |
 42 | impl SchedulableTask {
    | -------------------- associated items in this implementation
 43 |     pub fn new(task: Box<OwnedTask>) -> Box<Self> {
    |            ^^^
...
 56 |     pub fn replenish_deadline(&mut self) {
    |            ^^^^^^^^^^^^^^^^^^
...
 64 |     pub fn tick(&mut self, now: Instant) -> bool {
    |            ^^^^
...
 97 |     pub fn weight(&self) -> u32 {
    |            ^^^^^^
...
102 |     pub fn compare_with(&self, other: &Self) -> core::cmp::Ordering {
    |            ^^^^^^^^^^^^
...
128 |     pub fn inserting_into_runqueue(&mut self, vclock: u128) {
    |            ^^^^^^^^^^^^^^^^^^^^^^^
...
142 |     pub fn about_to_execute(&mut self, now: Instant) {
    |            ^^^^^^^^^^^^^^^^

warning: feature `core_intrinsics` is declared but not used
 --> src/main.rs:7:12
  |
7 | #![feature(core_intrinsics)]
  |            ^^^^^^^^^^^^^^^
  |
  = note: `#[warn(unused_features)]` (part of `#[warn(unused)]`) on by default

warning: `moss` (bin "moss") generated 17 warnings (run `cargo fix --bin "moss" -p moss` to apply 2 suggestions)
    Finished `release` profile [optimized] target(s) in 10.41s
warning: the following packages contain code that will be rejected by a future version of Rust: memchr v2.8.0
note: to see what the problems were, use the option `--future-incompat-report`, or run `cargo report future-incompatibilities --id 1`
     Running `/Users/ratchanonkhongsawi/Desktop/CMKL/3rd/S2/OS/assessment/02/moss-kernel-rk/scripts/qemu_runner.py target/aarch64-unknown-none-softfloat/release/moss --init /bin/usertest --smp 1`
[    0.000000] arch::arm64::boot::memory: Adding memory region from FDT Px40000000 (0x80000000 bytes)
[    0.000000] arch::arm64::boot::memory: Reserving kernel text Px40080000 - Px4119e000
[    0.000000] arch::arm64::boot::memory: Reserving FDT Px68000000 (0x100000 bytes)
[    0.000000] arch::arm64::boot::memory: Reserving initrd 0x48000000 - 0x68000000
[    0.000000] libkernel::memory::allocators::phys: Buddy allocator initialized. Managing 524288 pages, 379904 free.
[    0.000000] drivers::fs::dev: devfs initialized
[    0.000000] drivers::interrupts::arm_gic_v3: ARM GICv3 found: dist @ <0x8000000, 0x10000>, rdist @ <0x80a0000, 0xf60000> (stride=0x20000)
[    0.000000] drivers::interrupts::arm_gic_v3: GICv3: Redistributor for core 0 (MPIDR=0x80000000) is awake.
[    0.000000] drivers::interrupts::arm_gic_v3: GICv3: CPU interface for core 0 enabled.
[    0.000000] interrupts: Setting device intc@8000000 as the interrupt root
[    0.000000] interrupts: Device timer claimed interrupt: Ppi(14)
[    0.002022] interrupts: Device pl011@9000000 claimed interrupt: Spi(1)
[    0.004748] libkernel::sync::per_cpu: Setup 6 per_cpu objects.
[    0.006111] interrupts: Device CPU Messenger claimed interrupt: Ipi(0)
[    0.007057] arch::arm64::proc::vdso: VDSO mapped to: 0xffff810000000000 (0x1000 bytes)
[    0.021909] drivers::fs::proc: procfs initialized
[    0.022837] drivers::fs::sys: sysfs initialized
[    0.028821] arch::arm64::boot: ===============================
[    0.028938] arch::arm64::boot: Student ID: 01323032 | Git Hash: 4b5eb6f
[    0.029024] arch::arm64::boot: ===============================
Running userspace tests ...
usertest::futex::test_futex_bitset ...[    0.168519] sched::stats: CPU 0: Completed tasks: 1 | Avg wait time: 2978992 ns | Avg completion time: 105432000 ns | Context switches: 6
[    0.280855] sched::stats: CPU 0: Completed tasks: 2 | Avg wait time: 1982496 ns | Avg completion time: 106124496 ns | Context switches: 11
[    0.388595] sched::stats: CPU 0: Completed tasks: 3 | Avg wait time: 1441333 ns | Avg completion time: 106228330 ns | Context switches: 16
[    0.390346] sched::stats: CPU 0: Completed tasks: 4 | Avg wait time: 1102500 ns | Avg completion time: 163353496 ns | Context switches: 17
[32m OK[0m
usertest::futex::test_futex ...[    0.407026] sched::stats: CPU 0: Completed tasks: 5 | Avg wait time: 1020000 ns | Avg completion time: 130987398 ns | Context switches: 19
[32m OK[0m
usertest::fs::test_rust_dir ...[    0.420997] sched::stats: CPU 0: Completed tasks: 6 | Avg wait time: 882498 ns | Avg completion time: 111043330 ns | Context switches: 21
[32m OK[0m
usertest::fs::test_rust_file ...[    0.444446] sched::stats: CPU 0: Completed tasks: 7 | Avg wait time: 781426 ns | Avg completion time: 98187856 ns | Context switches: 23
[32m OK[0m
usertest::fs::test_statx ...[    0.451819] sched::stats: CPU 0: Completed tasks: 8 | Avg wait time: 704622 ns | Avg completion time: 86549998 ns | Context switches: 25
[32m OK[0m
usertest::fs::test_utimens ...[    0.458512] sched::stats: CPU 0: Completed tasks: 9 | Avg wait time: 643774 ns | Avg completion time: 77453664 ns | Context switches: 27
[32m OK[0m
usertest::fs::test_ftruncate ...[    0.465037] sched::stats: CPU 0: Completed tasks: 10 | Avg wait time: 593796 ns | Avg completion time: 70163996 ns | Context switches: 29
[32m OK[0m
usertest::fs::test_truncate ...[    0.473451] sched::stats: CPU 0: Completed tasks: 11 | Avg wait time: 557086 ns | Avg completion time: 64312906 ns | Context switches: 31
[32m OK[0m
usertest::fs::test_rename ...[    0.481203] sched::stats: CPU 0: Completed tasks: 12 | Avg wait time: 523330 ns | Avg completion time: 59431414 ns | Context switches: 33
[32m OK[0m
usertest::fs::test_symlink ...[    0.493241] sched::stats: CPU 0: Completed tasks: 13 | Avg wait time: 500998 ns | Avg completion time: 55598844 ns | Context switches: 35
[32m OK[0m
usertest::fs::test_readdir ...[    0.502066] sched::stats: CPU 0: Completed tasks: 14 | Avg wait time: 479570 ns | Avg completion time: 52103069 ns | Context switches: 37
[32m OK[0m
usertest::fs::test_link ...[    0.509226] sched::stats: CPU 0: Completed tasks: 15 | Avg wait time: 462731 ns | Avg completion time: 48955864 ns | Context switches: 39
[32m OK[0m
usertest::fs::test_write ...[    0.525674] sched::stats: CPU 0: Completed tasks: 16 | Avg wait time: 478936 ns | Avg completion time: 46463310 ns | Context switches: 41
[32m OK[0m
usertest::fs::test_read ...[    0.551683] sched::stats: CPU 0: Completed tasks: 17 | Avg wait time: 1316351 ns | Avg completion time: 44695526 ns | Context switches: 45
[32m OK[0m
usertest::fs::test_fchown ...[    0.582541] sched::stats: CPU 0: Completed tasks: 18 | Avg wait time: 1256109 ns | Avg completion time: 43625831 ns | Context switches: 47
[32m OK[0m
usertest::fs::test_chown ...[    0.603879] sched::stats: CPU 0: Completed tasks: 19 | Avg wait time: 1199788 ns | Avg completion time: 41727103 ns | Context switches: 49
[32m OK[0m
usertest::fs::test_fchmod ...[    0.619175] sched::stats: CPU 0: Completed tasks: 20 | Avg wait time: 1145948 ns | Avg completion time: 39897548 ns | Context switches: 51
[32m OK[0m
usertest::fs::test_chmod ...[    0.625897] sched::stats: CPU 0: Completed tasks: 21 | Avg wait time: 1337713 ns | Avg completion time: 38210426 ns | Context switches: 53
[32m OK[0m
usertest::fs::test_chroot ...[    0.630976] sched::stats: CPU 0: Completed tasks: 22 | Avg wait time: 1283771 ns | Avg completion time: 36612816 ns | Context switches: 55
[32m OK[0m
usertest::fs::test_fchdir ...[    0.637710] sched::stats: CPU 0: Completed tasks: 23 | Avg wait time: 1234912 ns | Avg completion time: 35213737 ns | Context switches: 57
[32m OK[0m
usertest::fs::test_chdir ...[    0.642873] sched::stats: CPU 0: Completed tasks: 24 | Avg wait time: 1190040 ns | Avg completion time: 33875665 ns | Context switches: 59
[32m OK[0m
usertest::fs::test_opendir ...[    0.647918] sched::stats: CPU 0: Completed tasks: 25 | Avg wait time: 1149399 ns | Avg completion time: 32640039 ns | Context switches: 61
[32m OK[0m
usertest::test_clock_sleep ...[    0.756279] sched::stats: CPU 0: Completed tasks: 26 | Avg wait time: 1112691 ns | Avg completion time: 35472883 ns | Context switches: 65
[32m OK[0m
usertest::test_mincore ...[    0.761981] sched::stats: CPU 0: Completed tasks: 27 | Avg wait time: 1081333 ns | Avg completion time: 34237258 ns | Context switches: 67
[32m OK[0m
usertest::test_thread_with_name ...[    0.775638] sched::stats: CPU 0: Completed tasks: 28 | Avg wait time: 1068607 ns | Avg completion time: 33136570 ns | Context switches: 70
[    0.776975] sched::stats: CPU 0: Completed tasks: 29 | Avg wait time: 1035000 ns | Avg completion time: 32400240 ns | Context switches: 71
[32m OK[0m
usertest::test_parking_lot_mutex_timeout ...[    0.898709] sched::stats: CPU 0: Completed tasks: 30 | Avg wait time: 1041834 ns | Avg completion time: 35023965 ns | Context switches: 76
[    0.900553] sched::stats: CPU 0: Completed tasks: 31 | Avg wait time: 1011419 ns | Avg completion time: 37799063 ns | Context switches: 77
[32m OK[0m
usertest::test_rust_mutex ...[    0.937098] sched::stats: CPU 0: Completed tasks: 32 | Avg wait time: 6608093 ns | Avg completion time: 36739968 ns | Context switches: 113
[    0.938040] sched::stats: CPU 0: Completed tasks: 33 | Avg wait time: 6491787 ns | Avg completion time: 36360786 ns | Context switches: 114
[    0.939050] sched::stats: CPU 0: Completed tasks: 34 | Avg wait time: 6399205 ns | Avg completion time: 35931087 ns | Context switches: 115
[    0.939809] sched::stats: CPU 0: Completed tasks: 35 | Avg wait time: 6340285 ns | Avg completion time: 35518685 ns | Context switches: 116
[    0.940545] sched::stats: CPU 0: Completed tasks: 36 | Avg wait time: 6305305 ns | Avg completion time: 35112388 ns | Context switches: 117
[    0.941263] sched::stats: CPU 0: Completed tasks: 37 | Avg wait time: 6291810 ns | Avg completion time: 34732215 ns | Context switches: 118
[    0.941977] sched::stats: CPU 0: Completed tasks: 38 | Avg wait time: 6297657 ns | Avg completion time: 34378289 ns | Context switches: 119
[    0.942837] sched::stats: CPU 0: Completed tasks: 39 | Avg wait time: 6321282 ns | Avg completion time: 34053512 ns | Context switches: 120
[    0.943496] sched::stats: CPU 0: Completed tasks: 40 | Avg wait time: 6365000 ns | Avg completion time: 33754849 ns | Context switches: 121
[    0.944296] sched::stats: CPU 0: Completed tasks: 41 | Avg wait time: 6422146 ns | Avg completion time: 33483804 ns | Context switches: 122
[    0.944993] sched::stats: CPU 0: Completed tasks: 42 | Avg wait time: 6495285 ns | Avg completion time: 33235904 ns | Context switches: 123
[    0.945751] sched::stats: CPU 0: Completed tasks: 43 | Avg wait time: 6580906 ns | Avg completion time: 33005906 ns | Context switches: 124
[    0.946420] sched::stats: CPU 0: Completed tasks: 44 | Avg wait time: 6679613 ns | Avg completion time: 32795136 ns | Context switches: 125
[    0.947089] sched::stats: CPU 0: Completed tasks: 45 | Avg wait time: 6788577 ns | Avg completion time: 32602577 ns | Context switches: 126
[    0.947844] sched::stats: CPU 0: Completed tasks: 46 | Avg wait time: 6907130 ns | Avg completion time: 32429173 ns | Context switches: 127
[    0.948527] sched::stats: CPU 0: Completed tasks: 47 | Avg wait time: 7036531 ns | Avg completion time: 32272191 ns | Context switches: 128
[    0.949413] sched::stats: CPU 0: Completed tasks: 48 | Avg wait time: 7172333 ns | Avg completion time: 32134729 ns | Context switches: 129
[    0.950119] sched::stats: CPU 0: Completed tasks: 49 | Avg wait time: 7320428 ns | Avg completion time: 32009918 ns | Context switches: 130
[    0.951028] sched::stats: CPU 0: Completed tasks: 50 | Avg wait time: 7476559 ns | Avg completion time: 31901480 ns | Context switches: 131
[    0.951859] sched::stats: CPU 0: Completed tasks: 51 | Avg wait time: 7644195 ns | Avg completion time: 31807941 ns | Context switches: 132
[    0.952621] sched::stats: CPU 0: Completed tasks: 52 | Avg wait time: 7820711 ns | Avg completion time: 31727480 ns | Context switches: 133
[    0.953277] sched::stats: CPU 0: Completed tasks: 53 | Avg wait time: 8004679 ns | Avg completion time: 31657528 ns | Context switches: 134
[    0.953943] sched::stats: CPU 0: Completed tasks: 54 | Avg wait time: 8193759 ns | Avg completion time: 31597444 ns | Context switches: 135
[    0.954638] sched::stats: CPU 0: Completed tasks: 55 | Avg wait time: 8387563 ns | Avg completion time: 31547472 ns | Context switches: 136
[    0.955312] sched::stats: CPU 0: Completed tasks: 56 | Avg wait time: 8586624 ns | Avg completion time: 31506928 ns | Context switches: 137
[    0.955966] sched::stats: CPU 0: Completed tasks: 57 | Avg wait time: 8790350 ns | Avg completion time: 31474578 ns | Context switches: 138
[    0.956634] sched::stats: CPU 0: Completed tasks: 58 | Avg wait time: 8998206 ns | Avg completion time: 31450603 ns | Context switches: 139
[    0.957338] sched::stats: CPU 0: Completed tasks: 59 | Avg wait time: 9210219 ns | Avg completion time: 31435220 ns | Context switches: 140
[    0.958039] sched::stats: CPU 0: Completed tasks: 60 | Avg wait time: 9426799 ns | Avg completion time: 31344250 ns | Context switches: 141
[    0.958762] sched::stats: CPU 0: Completed tasks: 61 | Avg wait time: 9647671 ns | Avg completion time: 31262623 ns | Context switches: 142
[    0.959503] sched::stats: CPU 0: Completed tasks: 62 | Avg wait time: 9872999 ns | Avg completion time: 31191258 ns | Context switches: 143
[    0.960287] sched::stats: CPU 0: Completed tasks: 63 | Avg wait time: 10102872 ns | Avg completion time: 31130444 ns | Context switches: 144
[    0.965913] sched::stats: CPU 0: Completed tasks: 64 | Avg wait time: 10294515 ns | Avg completion time: 31616125 ns | Context switches: 145
[32m OK[0m
usertest::test_rust_thread ...[    0.975147] sched::stats: CPU 0: Completed tasks: 65 | Avg wait time: 10149307 ns | Avg completion time: 31171231 ns | Context switches: 148
[    0.976434] sched::stats: CPU 0: Completed tasks: 66 | Avg wait time: 9996484 ns | Avg completion time: 30810803 ns | Context switches: 149
[32m OK[0m
usertest::test_fork ...[    0.981912] sched::stats: CPU 0: Completed tasks: 67 | Avg wait time: 9855194 ns | Avg completion time: 30361567 ns | Context switches: 152
[    0.982518] sched::stats: CPU 0: Completed tasks: 68 | Avg wait time: 9710426 ns | Avg completion time: 29971147 ns | Context switches: 153
[32m OK[0m
usertest::test_sync ...[    0.986193] sched::stats: CPU 0: Completed tasks: 69 | Avg wait time: 9572782 ns | Avg completion time: 29553087 ns | Context switches: 155
[32m OK[0m
usertest::signals::test_interruptible_read_pipe ...[    2.2000523] sched::stats: CPU 0: Completed tasks: 70 | Avg wait time: 9457557 ns | Avg completion time: 43552714 ns | Context switches: 160
[    2.2009541] sched::stats: CPU 0: Completed tasks: 71 | Avg wait time: 9332267 ns | Avg completion time: 57322197 ns | Context switches: 161
[32m OK[0m
usertest::signals::rust_stack_overflow ...[    2.2120231] sched::stats: CPU 0: Completed tasks: 72 | Avg wait time: 9224263 ns | Avg completion time: 57853139 ns | Context switches: 164
[    2.2122601] sched::stats: CPU 0: Completed tasks: 73 | Avg wait time: 9098246 ns | Avg completion time: 58494918 ns | Context switches: 165
[32m OK[0m
usertest::signals::test_segfault_write ...[    2.2234455] sched::stats: CPU 0: Completed tasks: 74 | Avg wait time: 8980148 ns | Avg completion time: 59158148 ns | Context switches: 168
[    2.2343926] sched::stats: CPU 0: Completed tasks: 75 | Avg wait time: 8863799 ns | Avg completion time: 59786347 ns | Context switches: 170
[    2.2346304] sched::stats: CPU 0: Completed tasks: 76 | Avg wait time: 8747315 ns | Avg completion time: 61914882 ns | Context switches: 171
[32m OK[0m
usertest::signals::test_segfault_read ...[    2.2351276] sched::stats: CPU 0: Completed tasks: 77 | Avg wait time: 8638181 ns | Avg completion time: 61121779 ns | Context switches: 174
[    2.2353536] sched::stats: CPU 0: Completed tasks: 78 | Avg wait time: 8531153 ns | Avg completion time: 60347410 ns | Context switches: 176
[    2.2354176] sched::stats: CPU 0: Completed tasks: 79 | Avg wait time: 8423240 ns | Avg completion time: 59654734 ns | Context switches: 177
[32m OK[0m
usertest::signals::test_interruptible_waitpid ...[    3.3369857] sched::stats: CPU 0: Completed tasks: 80 | Avg wait time: 8331112 ns | Avg completion time: 71552513 ns | Context switches: 184
[    3.3372175] sched::stats: CPU 0: Completed tasks: 81 | Avg wait time: 8228691 ns | Avg completion time: 83210939 ns | Context switches: 185
[32m OK[0m
usertest::signals::test_interruptible_nanosleep ...[    4.4393372] sched::stats: CPU 0: Completed tasks: 82 | Avg wait time: 8142829 ns | Avg completion time: 94485537 ns | Context switches: 190
[    4.4397176] sched::stats: CPU 0: Completed tasks: 83 | Avg wait time: 8046759 ns | Avg completion time: 105620169 ns | Context switches: 191
[32m OK[0m
All tests passed in 4348 ms
[    4.4402506] moss: Kernel panicked at src/process/exit.rs:19:9: Attempted to kill init
